// Jest Snapshot v1, https://goo.gl/fbAQLP

exports[`Provider bookAppointments should set confirmed to true 1`] = `
Map {
  1723680000000 => true,
  1723680900000 => false,
  1723681800000 => false,
  1723682700000 => false,
}
`;

exports[`Provider getAppointments should return consistent times for a given range 1`] = `
Map {
  1723680000000 => false,
  1723680900000 => false,
  1723681800000 => false,
  1723682700000 => false,
  1723683600000 => false,
  1723684500000 => false,
  1723685400000 => false,
  1723686300000 => false,
  1723687200000 => false,
  1723688100000 => false,
  1723689000000 => false,
  1723689900000 => false,
  1723690800000 => false,
  1723691700000 => false,
  1723692600000 => false,
  1723693500000 => false,
}
`;
